#
# A fatal error has been detected by the Java Runtime Environment:
#
#  SIGSEGV (0xb) at pc=0x000000012cde84d0, pid=72625, tid=97795
#
# JRE version: OpenJDK Runtime Environment (21.0.9) (build 21.0.9+-14787801-b1163.94)
# Java VM: OpenJDK 64-Bit Server VM (21.0.9+-14787801-b1163.94, mixed mode, tiered, compressed oops, compressed class ptrs, g1 gc, bsd-aarch64)
# Problematic frame:
# C  [quickjs11928236501909934142.tmp+0x244d0]  js_free_shape0+0x38
#
# No core dump will be written. Core dumps have been disabled. To enable core dumping, try "ulimit -c unlimited" before starting Java again
#
# If you would like to submit a bug report, please visit:
#   https://youtrack.jetbrains.com/issues/JBR
# The crash happened outside the Java Virtual Machine in native code.
# See problematic frame for where to report the bug.
#

---------------  S U M M A R Y ------------

Command Line: -Dcompose.reload.argfile=/Users/user/git/itis/android/Raydroid/desktopApp/build/run/main/main.argfile -Dcompose.reload.build.continuous=false -Dcompose.reload.build.warmup=true -Dcompose.reload.buildSystem=Gradle -Dcompose.reload.devToolsAnimationsEnabled=true -Dcompose.reload.devToolsClasspath=/Users/user/.gradle/caches/modules-2/files-2.1/org.jetbrains.compose.hot-reload/hot-reload-devtools/1.0.0/8cf7f8a3e0c5ca40edcd31621bb2c54637dad97f/hot-reload-devtools-1.0.0.jar:/Users/user/.gradle/caches/modules-2/files-2.1/org.jetbrains.compose.hot-reload/hot-reload-devtools-api/1.0.0/6f078e0689bb84d71ff62bdb898addec7b9e0c7d/hot-reload-devtools-api-1.0.0.jar:/Users/user/.gradle/caches/modules-2/files-2.1/org.jetbrains.compose.hot-reload/hot-reload-orchestration/1.0.0/c84a13f251d2ba726bffe77f47f2a37fba14d3a/hot-reload-orchestration-1.0.0.jar:/Users/user/.gradle/caches/modules-2/files-2.1/org.jetbrains.compose.hot-reload/hot-reload-core/1.0.0/b9e821084415adea5d981fb5a22a57ad94614fe1/hot-reload-core-1.0.0.jar:/Users/user/.gradle/caches/modules-2/files-2.1/org.jetbrains.compose.hot-reload/hot-reload-runtime-api-jvm/1.0.0/b4c35542b0fe4f3743939f0e7a19739df369fa2e/hot-reload-runtime-api-jvm-1.0.0.jar:/Users/user/.gradle/caches/modules-2/files-2.1/org.jetbrains.compose.desktop/desktop-jvm/1.9.0/760a7f1c3278719f2ab9fa443228956e64a7a18e/desktop-jvm-1.9.0.jar:/Users/user/.gradle/caches/modules-2/files-2.1/org.jetbrains.compose.components/components-resources-desktop/1.9.0/263d44e856cb89a759959eec68dafae6d1931110/library-desktop-1.9.0.jar:/Users/user/.gradle/caches/modules-2/files-2.1/io.sellmair/evas-compose-jvm/1.3.0/1214dcce9040d1b9f856b02b443cf8c2ebe1573a/evas-compose-jvm-1.3.0.jar:/Users/user/.gradle/caches/modules-2/files-2.1/io.sellmair/evas-jvm/1.3.0/74c1f6c46502ffda615a698c02b3166fc7e9b2b2/evas-jvm-1.3.0.jar:/Users/user/.gradle/caches/modules-2/files-2.1/org.jetbrains.skiko/skiko-awt-runtime-macos-arm64/0.9.22.2/6df83c721da1b3a84393fb13ed0cbe096da63dc3/skiko-awt-runtime-macos-arm64-0.9.22.2.jar:/Users/user/.gradle/caches/modules-2/files-2.1/org.jetbrains.compose.material3/material3-desktop/1.8.2/1f1f838506ceb2c25499517559f120517770b014/material3-desktop-1.8.2.jar:/Users/user/.gradle/caches/modules-2/files-2.1/org.jetbrains.compose.m-Dcompose.reload.devToolsDetached=false -Dcompose.reload.devToolsEnabled=true -Dcompose.reload.devToolsHeadless=false -Dcompose.reload.devToolsTransparencyEnabled=true -Dcompose.reload.dirtyResolveDepthLimit=5 -Dcompose.reload.effectsEnabled=true -Dcompose.reload.isActive=true -Dcompose.reload.launchMode=GradleBlocking -Dcompose.reload.logLevel=Info -Dcompose.reload.logStdout=false -Dcompose.reload.mainClass=ru.raydroid.desktop.MainKt -Dcompose.reload.pidFile=/Users/user/git/itis/android/Raydroid/desktopApp/build/run/main/main.pid -Dcompose.reload.virtualMethodResolveEnabled=true -Dgradle.build.project=:desktopApp -Dgradle.build.root=/Users/user/git/itis/android/Raydroid -Dgradle.build.task=hotReloadMain -Dorg.gradle.java.home=/Applications/Android Studio.app/Contents/jbr/Contents/Home -XX:+IgnoreUnrecognizedVMOptions -XX:+AllowEnhancedClassRedefinition -javaagent:/Users/user/.gradle/caches/modules-2/files-2.1/org.jetbrains.compose.hot-reload/hot-reload-agent/1.0.0/b51a332b8899c060187ace065fef8c8eb62acfcc/hot-reload-agent-1.0.0.jar -Dfile.encoding=UTF-8 -Duser.country=US -Duser.language=en -Duser.variant ru.raydroid.desktop.MainKt

Host: "Mac14,9" arm64, 12 cores, 16G, Darwin 25.4.0, macOS 26.4 (25E246)
Time: Wed Apr  1 16:41:56 2026 MSK elapsed time: 2.519067 seconds (0d 0h 0m 2s)

---------------  T H R E A D  ---------------

Current thread (0x000000011ca4f600):  JavaThread "Zipline Executor" daemon [_thread_in_native, id=97795, stack(0x0000000175b4c000,0x0000000175b8f000) (268K)]

Stack: [0x0000000175b4c000,0x0000000175b8f000],  sp=0x0000000175b87bf0,  free space=238k
Native frames: (J=compiled Java code, j=interpreted, Vv=VM code, C=native code)
C  [quickjs11928236501909934142.tmp+0x244d0]  js_free_shape0+0x38
C  [quickjs11928236501909934142.tmp+0x134e8]  JS_CallInternal+0x278
C  [quickjs11928236501909934142.tmp+0x14478]  JS_CallInternal+0x1208
C  [quickjs11928236501909934142.tmp+0x14478]  JS_CallInternal+0x1208
C  [quickjs11928236501909934142.tmp+0x15670]  JS_CallInternal+0x2400
C  [quickjs11928236501909934142.tmp+0x15670]  JS_CallInternal+0x2400
C  [quickjs11928236501909934142.tmp+0x15670]  JS_CallInternal+0x2400
C  [quickjs11928236501909934142.tmp+0x15670]  JS_CallInternal+0x2400
C  [quickjs11928236501909934142.tmp+0x15670]  JS_CallInternal+0x2400
C  [quickjs11928236501909934142.tmp+0x15670]  JS_CallInternal+0x2400
C  [quickjs11928236501909934142.tmp+0x15670]  JS_CallInternal+0x2400
C  [quickjs11928236501909934142.tmp+0x15670]  JS_CallInternal+0x2400
C  [quickjs11928236501909934142.tmp+0x15670]  JS_CallInternal+0x2400
C  [quickjs11928236501909934142.tmp+0x14478]  JS_CallInternal+0x1208
C  [quickjs11928236501909934142.tmp+0x14478]  JS_CallInternal+0x1208
C  [quickjs11928236501909934142.tmp+0x15670]  JS_CallInternal+0x2400
C  [quickjs11928236501909934142.tmp+0x15670]  JS_CallInternal+0x2400
C  [quickjs11928236501909934142.tmp+0x15670]  JS_CallInternal+0x2400
C  [quickjs11928236501909934142.tmp+0x15670]  JS_CallInternal+0x2400
C  [quickjs11928236501909934142.tmp+0x14478]  JS_CallInternal+0x1208
C  [quickjs11928236501909934142.tmp+0x14478]  JS_CallInternal+0x1208
C  [quickjs11928236501909934142.tmp+0x14478]  JS_CallInternal+0x1208
C  [quickjs11928236501909934142.tmp+0x15670]  JS_CallInternal+0x2400
C  [quickjs11928236501909934142.tmp+0x15670]  JS_CallInternal+0x2400
C  [quickjs11928236501909934142.tmp+0x15670]  JS_CallInternal+0x2400
C  [quickjs11928236501909934142.tmp+0x15670]  JS_CallInternal+0x2400
C  [quickjs11928236501909934142.tmp+0xd870]  JS_CallFree+0x3c
j  app.cash.zipline.JniCallChannel.call(Ljava/lang/String;)Ljava/lang/String;+19
j  app.cash.zipline.Zipline$endpoint$1.call(Ljava/lang/String;)Ljava/lang/String;+41
j  app.cash.zipline.internal.bridge.OutboundCallHandler.callSuspendingInternal$zipline(Lapp/cash/zipline/ZiplineService;Lapp/cash/zipline/ZiplineFunction;Lapp/cash/zipline/internal/bridge/ArgsListSerializer;Lapp/cash/zipline/internal/bridge/ResultOrCallbackSerializer;Lkotlinx/serialization/KSerializer;[Ljava/lang/Object;Lkotlin/coroutines/Continuation;)Ljava/lang/Object;+169
j  app.cash.zipline.internal.bridge.OutboundCallHandler.callSuspending(Lapp/cash/zipline/ZiplineService;I[Ljava/lang/Object;Lkotlin/coroutines/Continuation;)Ljava/lang/Object;+57
j  ru.raydroid.plugin.api.core.CommandServiceBridge$Companion$Adapter$GeneratedOutboundService.cachedItems(Ljava/util/List;ILkotlin/coroutines/Continuation;)Ljava/lang/Object;+160
j  ru.raydroid.plugin.api.core.CommandServiceBridge.cachedItems$default(Lru/raydroid/plugin/api/core/CommandServiceBridge;Ljava/util/List;ILkotlin/coroutines/Continuation;ILjava/lang/Object;)Ljava/lang/Object;+38
j  ru.raydroid.plugin.host.impl.SinglePluginRuntimeImpl$cachedItems$1$1$1$1.invokeSuspend(Ljava/lang/Object;)Ljava/lang/Object;+64
j  kotlin.coroutines.jvm.internal.BaseContinuationImpl.resumeWith(Ljava/lang/Object;)V+40
j  kotlinx.coroutines.DispatchedTask.run()V+301
j  java.util.concurrent.ThreadPoolExecutor.runWorker(Ljava/util/concurrent/ThreadPoolExecutor$Worker;)V+92 java.base@21.0.9
j  java.util.concurrent.ThreadPoolExecutor$Worker.run()V+5 java.base@21.0.9
j  java.lang.Thread.runWith(Ljava/lang/Object;Ljava/lang/Runnable;)V+5 java.base@21.0.9
j  java.lang.Thread.run()V+19 java.base@21.0.9
v  ~StubRoutines::call_stub 0x0000000147534154
V  [libjvm.dylib+0x4a2688]  JavaCalls::call_helper(JavaValue*, methodHandle const&, JavaCallArguments*, JavaThread*)+0x3b0
V  [libjvm.dylib+0x4a1638]  JavaCalls::call_virtual(JavaValue*, Klass*, Symbol*, Symbol*, JavaCallArguments*, JavaThread*)+0x140
V  [libjvm.dylib+0x4a1704]  JavaCalls::call_virtual(JavaValue*, Handle, Klass*, Symbol*, Symbol*, JavaThread*)+0x64
V  [libjvm.dylib+0x5613b0]  thread_entry(JavaThread*, JavaThread*)+0x9c
V  [libjvm.dylib+0x4b5664]  JavaThread::thread_main_inner()+0x98
V  [libjvm.dylib+0x96f310]  Thread::call_run()+0xc8
V  [libjvm.dylib+0x80a05c]  thread_native_entry(Thread*)+0x118
C  [libsystem_pthread.dylib+0x6c58]  _pthread_start+0x88
Java frames: (J=compiled Java code, j=interpreted, Vv=VM code)
j  app.cash.zipline.JniCallChannel.call(JJLjava/lang/String;)Ljava/lang/String;+0
j  app.cash.zipline.JniCallChannel.call(Ljava/lang/String;)Ljava/lang/String;+19
j  app.cash.zipline.Zipline$endpoint$1.call(Ljava/lang/String;)Ljava/lang/String;+41
j  app.cash.zipline.internal.bridge.OutboundCallHandler.callSuspendingInternal$zipline(Lapp/cash/zipline/ZiplineService;Lapp/cash/zipline/ZiplineFunction;Lapp/cash/zipline/internal/bridge/ArgsListSerializer;Lapp/cash/zipline/internal/bridge/ResultOrCallbackSerializer;Lkotlinx/serialization/KSerializer;[Ljava/lang/Object;Lkotlin/coroutines/Continuation;)Ljava/lang/Object;+169
j  app.cash.zipline.internal.bridge.OutboundCallHandler.callSuspending(Lapp/cash/zipline/ZiplineService;I[Ljava/lang/Object;Lkotlin/coroutines/Continuation;)Ljava/lang/Object;+57
j  ru.raydroid.plugin.api.core.CommandServiceBridge$Companion$Adapter$GeneratedOutboundService.cachedItems(Ljava/util/List;ILkotlin/coroutines/Continuation;)Ljava/lang/Object;+160
j  ru.raydroid.plugin.api.core.CommandServiceBridge.cachedItems$default(Lru/raydroid/plugin/api/core/CommandServiceBridge;Ljava/util/List;ILkotlin/coroutines/Continuation;ILjava/lang/Object;)Ljava/lang/Object;+38
j  ru.raydroid.plugin.host.impl.SinglePluginRuntimeImpl$cachedItems$1$1$1$1.invokeSuspend(Ljava/lang/Object;)Ljava/lang/Object;+64
j  kotlin.coroutines.jvm.internal.BaseContinuationImpl.resumeWith(Ljava/lang/Object;)V+40
j  kotlinx.coroutines.DispatchedTask.run()V+301
j  java.util.concurrent.ThreadPoolExecutor.runWorker(Ljava/util/concurrent/ThreadPoolExecutor$Worker;)V+92 java.base@21.0.9
j  java.util.concurrent.ThreadPoolExecutor$Worker.run()V+5 java.base@21.0.9
j  java.lang.Thread.runWith(Ljava/lang/Object;Ljava/lang/Runnable;)V+5 java.base@21.0.9
j  java.lang.Thread.run()V+19 java.base@21.0.9
v  ~StubRoutines::call_stub 0x0000000147534154

siginfo: si_signo: 11 (SIGSEGV), si_code: 2 (SEGV_ACCERR), si_addr: 0x0000000000000030

Registers:
 x0=0x000000010119fee0  x1=0x0000600000878250  x2=0x0000000000000000  x3=0x0000600002f9c250
 x4=0x0000000000000007  x5=0x0000000000000240  x6=0x0000000000000000  x7=0x0000000000000000
 x8=0x0000000000000030  x9=0x0000000000000030 x10=0x0000000000000000 x11=0x0000000000000024
x12=0x00000000000007fb x13=0x00000000000007fd x14=0x00000000fa855955 x15=0x00000000fa6557fb
x16=0x0000000190021034 x17=0x00000000000091a2 x18=0x0000000000000000 x19=0x000000010119fee0
x20=0x0000600000878250 x21=0x00000001011a0070 x22=0x000000000000000a x23=0x0000000000000030
x24=0x0000600000878250 x25=0x00006000009b0610 x26=0x000000010119fee0 x27=0x000000012cde5900
x28=0x0000000000000004  fp=0x0000000175b87e10  lr=0x000000012cdd53a0  sp=0x0000000175b87bf0
pc=0x000000012cde84d0 cpsr=0x0000000080001000

Register to memory mapping:

x0 =0x000000010119fee0 points into unknown readable memory: 0x000000012cde7cb4 | b4 7c de 2c 01 00 00 00
x1 =0x0000600000878250 points into unknown readable memory: 0x0000000200000000 | 00 00 00 00 02 00 00 00
x2 =0x0 is null
x3 =0x0000600002f9c250 points into unknown readable memory: 0x000000010217c7e0 | e0 c7 17 02 01 00 00 00
x4 =0x0000000000000007 is an unknown value
x5 =0x0000000000000240 is an unknown value
x6 =0x0 is null
x7 =0x0 is null
x8 =0x0000000000000030 is an unknown value
x9 =0x0000000000000030 is an unknown value
x10=0x0 is null
x11=0x0000000000000024 is an unknown value
x12=0x00000000000007fb is an unknown value
x13=0x00000000000007fd is an unknown value
x14=0x00000000fa855955 is an unknown value
x15=0x00000000fa6557fb is an unknown value
x16=